2026-01-01 17:05:18,518 - INFO - PyTorch version 2.9.1 available.
2026-01-01 17:05:27,545 - DEBUG - Registering a new Serializable subclass: <class 'simple_parsing.helpers.serialization.serializable.Serializable'>
2026-01-01 17:05:27,546 - DEBUG - parents: [<class 'simple_parsing.helpers.serialization.serializable.SerializableMixin'>]
2026-01-01 17:05:27,547 - DEBUG - Registering a new Serializable subclass: <class 'simple_parsing.helpers.serialization.serializable.FrozenSerializable'>
2026-01-01 17:05:27,548 - DEBUG - parents: [<class 'simple_parsing.helpers.serialization.serializable.SerializableMixin'>]
2026-01-01 17:05:27,549 - DEBUG - Registering a new Serializable subclass: <class 'simple_parsing.helpers.serialization.serializable.SimpleSerializable'>
2026-01-01 17:05:27,551 - DEBUG - Registering a new Serializable subclass: <class 'simple_parsing.helpers.serialization.yaml_serialization.YamlSerializable'>
2026-01-01 17:05:27,552 - DEBUG - parents: [<class 'simple_parsing.helpers.serialization.serializable.Serializable'>, <class 'simple_parsing.helpers.serialization.serializable.SerializableMixin'>]
2026-01-01 17:05:27,552 - DEBUG - Parent class <class 'simple_parsing.helpers.serialization.serializable.Serializable'> has decode_into_subclasses = False
2026-01-01 17:05:27,553 - DEBUG - Registering a new Serializable subclass: <class 'simple_parsing.helpers.hparams.hyperparameters.BoundInfo'>
2026-01-01 17:05:27,553 - DEBUG - parents: [<class 'simple_parsing.helpers.serialization.serializable.Serializable'>, <class 'simple_parsing.helpers.serialization.serializable.SerializableMixin'>]
2026-01-01 17:05:27,554 - DEBUG - Parent class <class 'simple_parsing.helpers.serialization.serializable.Serializable'> has decode_into_subclasses = False
2026-01-01 17:05:27,555 - DEBUG - Registering a new Serializable subclass: <class 'simple_parsing.helpers.hparams.hyperparameters.HyperParameters'>
2026-01-01 17:08:51,055 - INFO - PyTorch version 2.9.1 available.
2026-01-01 17:08:59,611 - DEBUG - Registering a new Serializable subclass: <class 'simple_parsing.helpers.serialization.serializable.Serializable'>
2026-01-01 17:08:59,612 - DEBUG - parents: [<class 'simple_parsing.helpers.serialization.serializable.SerializableMixin'>]
2026-01-01 17:08:59,613 - DEBUG - Registering a new Serializable subclass: <class 'simple_parsing.helpers.serialization.serializable.FrozenSerializable'>
2026-01-01 17:08:59,613 - DEBUG - parents: [<class 'simple_parsing.helpers.serialization.serializable.SerializableMixin'>]
2026-01-01 17:08:59,615 - DEBUG - Registering a new Serializable subclass: <class 'simple_parsing.helpers.serialization.serializable.SimpleSerializable'>
2026-01-01 17:08:59,616 - DEBUG - Registering a new Serializable subclass: <class 'simple_parsing.helpers.serialization.yaml_serialization.YamlSerializable'>
2026-01-01 17:08:59,617 - DEBUG - parents: [<class 'simple_parsing.helpers.serialization.serializable.Serializable'>, <class 'simple_parsing.helpers.serialization.serializable.SerializableMixin'>]
2026-01-01 17:08:59,617 - DEBUG - Parent class <class 'simple_parsing.helpers.serialization.serializable.Serializable'> has decode_into_subclasses = False
2026-01-01 17:08:59,618 - DEBUG - Registering a new Serializable subclass: <class 'simple_parsing.helpers.hparams.hyperparameters.BoundInfo'>
2026-01-01 17:08:59,619 - DEBUG - parents: [<class 'simple_parsing.helpers.serialization.serializable.Serializable'>, <class 'simple_parsing.helpers.serialization.serializable.SerializableMixin'>]
2026-01-01 17:08:59,619 - DEBUG - Parent class <class 'simple_parsing.helpers.serialization.serializable.Serializable'> has decode_into_subclasses = False
2026-01-01 17:08:59,620 - DEBUG - Registering a new Serializable subclass: <class 'simple_parsing.helpers.hparams.hyperparameters.HyperParameters'>
2026-01-01 17:09:47,336 - INFO - PyTorch version 2.9.1 available.
2026-01-01 17:09:53,278 - DEBUG - Registering a new Serializable subclass: <class 'simple_parsing.helpers.serialization.serializable.Serializable'>
2026-01-01 17:09:53,278 - DEBUG - parents: [<class 'simple_parsing.helpers.serialization.serializable.SerializableMixin'>]
2026-01-01 17:09:53,279 - DEBUG - Registering a new Serializable subclass: <class 'simple_parsing.helpers.serialization.serializable.FrozenSerializable'>
2026-01-01 17:09:53,280 - DEBUG - parents: [<class 'simple_parsing.helpers.serialization.serializable.SerializableMixin'>]
2026-01-01 17:09:53,282 - DEBUG - Registering a new Serializable subclass: <class 'simple_parsing.helpers.serialization.serializable.SimpleSerializable'>
2026-01-01 17:09:53,283 - DEBUG - Registering a new Serializable subclass: <class 'simple_parsing.helpers.serialization.yaml_serialization.YamlSerializable'>
2026-01-01 17:09:53,283 - DEBUG - parents: [<class 'simple_parsing.helpers.serialization.serializable.Serializable'>, <class 'simple_parsing.helpers.serialization.serializable.SerializableMixin'>]
2026-01-01 17:09:53,284 - DEBUG - Parent class <class 'simple_parsing.helpers.serialization.serializable.Serializable'> has decode_into_subclasses = False
2026-01-01 17:09:53,285 - DEBUG - Registering a new Serializable subclass: <class 'simple_parsing.helpers.hparams.hyperparameters.BoundInfo'>
2026-01-01 17:09:53,285 - DEBUG - parents: [<class 'simple_parsing.helpers.serialization.serializable.Serializable'>, <class 'simple_parsing.helpers.serialization.serializable.SerializableMixin'>]
2026-01-01 17:09:53,286 - DEBUG - Parent class <class 'simple_parsing.helpers.serialization.serializable.Serializable'> has decode_into_subclasses = False
2026-01-01 17:09:53,287 - DEBUG - Registering a new Serializable subclass: <class 'simple_parsing.helpers.hparams.hyperparameters.HyperParameters'>
